96
1 3 7 8 10 12 13 14 22 24 25 26 27 28 29 30 35 36 38 39 43 44 45 48 50 51 53 56 58 59 61 65 66 67 70 72 73 75 76 77 78 82 83 85 88 92 93 95 96 98 102 103 107 108 111 112 114 115 116 117 118 122 123 125 128 130 131 132 134 135 136 137 140 143 144 146 147 148 152 153 154 156 158 159 165 167 169 178 180 186 189 190 193 197 199 200 
