108
4 5 6 8 9 11 14 15 17 20 23 24 25 26 28 30 31 32 35 36 37 38 42 43 45 47 50 51 54 56 60 62 65 72 73 76 77 79 82 84 86 87 88 89 91 92 93 94 95 97 99 101 102 103 105 106 109 110 111 112 115 117 118 119 120 121 123 126 127 130 133 134 135 138 140 141 143 144 145 147 149 150 152 153 154 155 156 158 159 160 163 166 169 170 173 181 183 185 186 187 189 190 193 195 196 197 198 200 
