103
3 5 6 7 8 9 10 11 12 15 16 18 20 22 23 24 25 27 28 30 31 32 36 38 42 44 49 50 52 56 57 60 61 64 67 71 73 76 78 79 84 85 86 87 88 90 91 93 94 97 98 99 101 105 107 108 109 110 112 115 116 117 120 124 125 126 127 128 129 131 132 134 139 142 150 151 154 155 158 163 165 167 168 169 170 171 172 173 174 175 177 178 179 180 184 186 187 189 193 194 195 199 200 
