105
1 2 8 9 12 13 14 15 16 17 18 22 25 26 27 29 30 34 36 37 39 40 41 45 46 48 50 51 52 53 56 57 58 59 61 62 63 64 65 67 69 71 72 73 76 77 81 84 85 86 87 88 89 90 91 92 93 94 97 98 99 100 104 105 106 108 113 114 115 117 118 121 123 125 126 129 131 132 134 136 145 146 148 150 153 155 160 161 163 165 167 168 169 174 177 178 179 181 185 188 191 195 196 199 200 
