96
1 2 4 5 10 11 15 16 17 20 21 24 25 28 29 31 37 39 40 41 43 44 47 51 52 56 57 58 59 60 61 64 65 66 67 71 72 73 74 77 80 83 85 87 88 90 94 96 98 99 101 104 106 107 108 111 112 114 116 118 121 122 123 126 128 129 133 139 141 143 145 146 148 152 153 157 158 159 164 166 168 170 172 173 174 176 177 183 186 187 190 193 195 198 199 200 
