103
1 2 3 5 6 7 8 11 17 18 20 21 22 27 30 34 35 36 38 40 43 44 45 47 48 51 57 58 60 63 66 67 68 70 71 73 75 76 82 84 86 88 90 91 92 93 97 98 99 101 104 105 109 111 114 115 116 124 125 127 128 130 131 132 134 136 138 141 144 145 146 147 148 149 150 151 152 154 155 156 159 160 161 164 165 166 167 172 173 176 177 179 181 185 192 193 194 195 196 197 198 199 200 
