101
2 3 5 6 7 8 9 11 12 14 15 16 18 19 21 23 26 28 30 31 33 34 37 40 41 42 44 45 47 48 49 50 51 52 54 56 58 59 61 62 63 64 65 66 68 69 70 71 72 76 78 79 82 83 84 88 89 90 91 92 93 94 96 100 105 106 107 109 110 111 113 114 116 117 118 119 120 121 122 123 124 125 126 128 131 132 133 134 135 136 137 138 139 140 141 143 144 145 146 148 150 
