111
1 5 8 10 11 14 15 17 18 21 25 29 32 33 34 35 36 37 38 40 42 43 45 46 47 48 49 51 53 54 55 56 57 58 60 61 62 64 68 69 70 73 75 76 79 82 83 84 89 91 92 93 95 98 101 109 110 112 116 117 120 126 127 128 130 133 134 135 138 139 140 141 144 148 149 150 151 153 154 155 157 159 160 163 164 165 166 167 168 170 171 173 174 175 176 177 178 180 181 183 184 186 187 188 189 190 195 196 197 198 200 
