112
1 3 4 5 6 9 10 12 18 19 20 21 22 23 24 27 28 29 31 33 34 35 37 38 39 42 43 48 51 52 53 54 55 56 59 61 62 63 66 67 68 69 72 76 81 85 89 91 92 93 94 95 96 98 100 102 104 108 109 112 113 114 117 121 122 125 129 130 134 135 136 137 138 139 140 142 145 146 148 149 150 153 154 156 157 159 160 161 162 166 167 168 170 172 175 176 177 179 180 181 182 183 184 185 186 187 188 191 192 193 194 200 
