109
1 2 4 5 7 8 9 11 13 15 16 17 19 20 22 25 27 28 30 31 32 33 36 37 38 39 41 42 44 46 47 48 51 52 53 57 58 60 62 65 69 70 72 73 74 76 77 79 83 87 88 89 91 93 97 98 101 102 104 110 116 117 118 120 121 122 123 124 125 126 127 128 129 131 132 134 135 138 139 141 142 143 145 150 153 156 158 160 161 165 170 173 176 179 180 181 182 183 184 187 188 189 191 192 195 196 197 199 200 
