20
1 2 5 6 13 14 18 19 20 25 33 34 36 37 41 43 46 48 49 50 
