31
1 2 3 6 7 8 9 11 14 17 18 19 21 24 26 27 28 29 30 31 32 34 35 38 42 44 45 46 48 49 50 
