30
3 4 10 11 12 13 15 16 19 21 22 23 25 26 27 29 30 32 35 38 39 40 43 44 45 46 47 48 49 50 
