58
1 2 3 6 9 10 12 13 15 17 18 19 21 22 23 24 28 31 32 36 37 38 39 40 43 44 45 49 51 52 53 54 55 57 59 65 66 67 69 70 71 73 74 76 77 79 81 84 87 90 91 92 93 94 97 98 99 100 
