47
1 2 5 6 7 8 11 15 17 18 20 21 22 23 26 28 32 33 36 39 42 47 49 53 57 58 60 61 63 64 67 69 70 73 74 75 76 77 81 82 84 87 89 96 97 98 100 
