71
4 5 6 7 10 11 12 14 17 18 20 22 23 24 28 31 32 36 37 40 43 44 46 47 49 51 53 54 55 56 57 59 61 63 64 68 73 75 76 79 80 82 84 85 87 89 90 102 105 106 107 108 110 117 119 122 123 125 127 128 131 133 134 137 139 140 143 146 147 149 150 
